---
source: src/decimals/fixed_decimal.rs
expression: total_value
---
FixedDecimal {
    raw: 500000,
}
