---
source: src/fixed_decimal.rs
expression: deserialized.y
---
212123.91212
