---
source: src/fixed_decimal.rs
expression: deserialized.x
---
232124
